This is pdfTeX, Version 3.141592653-2.6-1.40.29 (MiKTeX 26.5) (preloaded format=pdflatex 2026.7.29)  3 AUG 2026 19:39
entering extended mode
 restricted \write18 enabled.
 file:line:error style messages enabled.
 %&-line parsing enabled.
**c:/Users/whj7560/Desktop/SBotAssembly___3_Arm/main.tex
(c:/Users/whj7560/Desktop/SBotAssembly___3_Arm/main.tex
LaTeX2e <2026-06-01>
L3 programming layer <2026-06-18>
(C:\Users\whj7560\AppData\Local\Programs\MiKTeX\tex/latex/base\article.cls
Document Class: article 2025/01/22 v1.4n Standard LaTeX document class
(C:\Users\whj7560\AppData\Local\Programs\MiKTeX\tex/latex/base\size11.clo
File: size11.clo 2025/01/22 v1.4n Standard LaTeX file (size option)
)
\c@part=\count276
\c@section=\count277
\c@subsection=\count278
\c@subsubsection=\count279
\c@paragraph=\count280
\c@subparagraph=\count281
\c@figure=\count282
\c@table=\count283
\abovecaptionskip=\skip49
\belowcaptionskip=\skip50
\bibindent=\dimen150
) (preamble.tex (C:\Users\whj7560\AppData\Local\Programs\MiKTeX\tex/latex/geometry\geometry.sty
Package: geometry 2026/03/07 v6.0 Page Geometry
 (C:\Users\whj7560\AppData\Local\Programs\MiKTeX\tex/latex/graphics\keyval.sty
Package: keyval 2026-05-17 v1.15 key=value parser (DPC)
\KV@toks@=\toks17
) (C:\Users\whj7560\AppData\Local\Programs\MiKTeX\tex/generic/iftex\ifvtex.sty
Package: ifvtex 2019/10/25 v1.7 ifvtex legacy package. Use iftex instead.
 (C:\Users\whj7560\AppData\Local\Programs\MiKTeX\tex/generic/iftex\iftex.sty
Package: iftex 2024/12/12 v1.0g TeX engine tests
))
\Gm@cnth=\count284
\Gm@cntv=\count285
\c@Gm@tempcnt=\count286
\Gm@bindingoffset=\dimen151
\Gm@wd@mp=\dimen152
\Gm@odd@mp=\dimen153
\Gm@even@mp=\dimen154
\Gm@layoutwidth=\dimen155
\Gm@layoutheight=\dimen156
\Gm@layouthoffset=\dimen157
\Gm@layoutvoffset=\dimen158
\Gm@dimlist=\toks18
 (C:\Users\whj7560\AppData\Local\Programs\MiKTeX\tex/latex/geometry\geometry.cfg)) (C:\Users\whj7560\AppData\Local\Programs\MiKTeX\tex/latex/base\fontenc.sty
Package: fontenc 2025/07/18 v2.1d Standard LaTeX package
) (C:\Users\whj7560\AppData\Local\Programs\MiKTeX\tex/latex/base\inputenc.sty
Package: inputenc 2024/02/08 v1.3d Input encoding file
\inpenc@prehook=\toks19
\inpenc@posthook=\toks20
) (C:\Users\whj7560\AppData\Local\Programs\MiKTeX\tex/latex/lm\lmodern.sty
Package: lmodern 2015/05/01 v1.6.1 Latin Modern Fonts
LaTeX Font Info:    Overwriting symbol font `operators' in version `normal'
(Font)                  OT1/cmr/m/n --> OT1/lmr/m/n on input line 22.
LaTeX Font Info:    Overwriting symbol font `letters' in version `normal'
(Font)                  OML/cmm/m/it --> OML/lmm/m/it on input line 23.
LaTeX Font Info:    Overwriting symbol font `symbols' in version `normal'
(Font)                  OMS/cmsy/m/n --> OMS/lmsy/m/n on input line 24.
LaTeX Font Info:    Overwriting symbol font `largesymbols' in version `normal'
(Font)                  OMX/cmex/m/n --> OMX/lmex/m/n on input line 25.
LaTeX Font Info:    Overwriting symbol font `operators' in version `bold'
(Font)                  OT1/cmr/bx/n --> OT1/lmr/bx/n on input line 26.
LaTeX Font Info:    Overwriting symbol font `letters' in version `bold'
(Font)                  OML/cmm/b/it --> OML/lmm/b/it on input line 27.
LaTeX Font Info:    Overwriting symbol font `symbols' in version `bold'
(Font)                  OMS/cmsy/b/n --> OMS/lmsy/b/n on input line 28.
LaTeX Font Info:    Overwriting symbol font `largesymbols' in version `bold'
(Font)                  OMX/cmex/m/n --> OMX/lmex/m/n on input line 29.
LaTeX Font Info:    Overwriting math alphabet `\mathbf' in version `normal'
(Font)                  OT1/cmr/bx/n --> OT1/lmr/bx/n on input line 31.
LaTeX Font Info:    Overwriting math alphabet `\mathsf' in version `normal'
(Font)                  OT1/cmss/m/n --> OT1/lmss/m/n on input line 32.
LaTeX Font Info:    Overwriting math alphabet `\mathit' in version `normal'
(Font)                  OT1/cmr/m/it --> OT1/lmr/m/it on input line 33.
LaTeX Font Info:    Overwriting math alphabet `\mathtt' in version `normal'
(Font)                  OT1/cmtt/m/n --> OT1/lmtt/m/n on input line 34.
LaTeX Font Info:    Overwriting math alphabet `\mathbf' in version `bold'
(Font)                  OT1/cmr/bx/n --> OT1/lmr/bx/n on input line 35.
LaTeX Font Info:    Overwriting math alphabet `\mathsf' in version `bold'
(Font)                  OT1/cmss/bx/n --> OT1/lmss/bx/n on input line 36.
LaTeX Font Info:    Overwriting math alphabet `\mathit' in version `bold'
(Font)                  OT1/cmr/bx/it --> OT1/lmr/bx/it on input line 37.
LaTeX Font Info:    Overwriting math alphabet `\mathtt' in version `bold'
(Font)                  OT1/cmtt/m/n --> OT1/lmtt/m/n on input line 38.
) (C:\Users\whj7560\AppData\Local\Programs\MiKTeX\tex/latex/base\textcomp.sty
Package: textcomp 2024/04/24 v2.1b Standard LaTeX package
) (C:\Users\whj7560\AppData\Local\Programs\MiKTeX\tex/latex/graphics\graphicx.sty
Package: graphicx 2026-05-17 v1.2e Enhanced LaTeX Graphics (DPC,SPQR)
 (C:\Users\whj7560\AppData\Local\Programs\MiKTeX\tex/latex/graphics\graphics.sty
Package: graphics 2026-05-17 v1.4h Standard LaTeX Graphics (DPC,SPQR)
 (C:\Users\whj7560\AppData\Local\Programs\MiKTeX\tex/latex/graphics\trig.sty
Package: trig 2023/12/02 v1.11 sin cos tan (DPC)
) (C:\Users\whj7560\AppData\Local\Programs\MiKTeX\tex/latex/graphics-cfg\graphics.cfg
File: graphics.cfg 2016/06/04 v1.11 sample graphics configuration
)
Package graphics Info: Driver file: pdftex.def on input line 106.
 (C:\Users\whj7560\AppData\Local\Programs\MiKTeX\tex/latex/graphics-def\pdftex.def
File: pdftex.def 2025/09/29 v1.2d Graphics/color driver for pdftex
))
\Gin@req@height=\dimen159
\Gin@req@width=\dimen160
) (C:\Users\whj7560\AppData\Local\Programs\MiKTeX\tex/latex/xcolor\xcolor.sty
Package: xcolor 2024/09/29 v3.02 LaTeX color extensions (UK)
 (C:\Users\whj7560\AppData\Local\Programs\MiKTeX\tex/latex/graphics-cfg\color.cfg
File: color.cfg 2016/01/02 v1.6 sample color configuration
)
Package xcolor Info: Driver file: pdftex.def on input line 274.
 (C:\Users\whj7560\AppData\Local\Programs\MiKTeX\tex/latex/graphics\mathcolor.ltx)
Package xcolor Info: Model `cmy' substituted by `cmy0' on input line 1349.
Package xcolor Info: Model `hsb' substituted by `rgb' on input line 1353.
Package xcolor Info: Model `RGB' extended on input line 1365.
Package xcolor Info: Model `HTML' substituted by `rgb' on input line 1367.
Package xcolor Info: Model `Hsb' substituted by `hsb' on input line 1368.
Package xcolor Info: Model `tHsb' substituted by `hsb' on input line 1369.
Package xcolor Info: Model `HSB' substituted by `hsb' on input line 1370.
Package xcolor Info: Model `Gray' substituted by `gray' on input line 1371.
Package xcolor Info: Model `wave' substituted by `hsb' on input line 1372.
) (C:\Users\whj7560\AppData\Local\Programs\MiKTeX\tex/latex/float\float.sty
Package: float 2001/11/08 v1.3d Float enhancements (AL)
\c@float@type=\count287
\float@exts=\toks21
\float@box=\box53
\@float@everytoks=\toks22
\@floatcapt=\box54
) (C:\Users\whj7560\AppData\Local\Programs\MiKTeX\tex/latex/booktabs\booktabs.sty
Package: booktabs 2020/01/12 v1.61803398 Publication quality tables
\heavyrulewidth=\dimen161
\lightrulewidth=\dimen162
\cmidrulewidth=\dimen163
\belowrulesep=\dimen164
\belowbottomsep=\dimen165
\aboverulesep=\dimen166
\abovetopsep=\dimen167
\cmidrulesep=\dimen168
\cmidrulekern=\dimen169
\defaultaddspace=\dimen170
\@cmidla=\count288
\@cmidlb=\count289
\@aboverulesep=\dimen171
\@belowrulesep=\dimen172
\@thisruleclass=\count290
\@lastruleclass=\count291
\@thisrulewidth=\dimen173
) (C:\Users\whj7560\AppData\Local\Programs\MiKTeX\tex/latex/enumitem\enumitem.sty
Package: enumitem 2025/02/06 v3.11 Customized lists
\labelindent=\skip51
\enit@outerparindent=\dimen174
\enit@toks=\toks23
\enit@inbox=\box55
\enit@count@id=\count292
\enitdp@description=\count293
) (C:\Users\whj7560\AppData\Local\Programs\MiKTeX\tex/latex/caption\caption.sty
Package: caption 2023/08/05 v3.6o Customizing captions (AR)
 (C:\Users\whj7560\AppData\Local\Programs\MiKTeX\tex/latex/caption\caption3.sty
Package: caption3 2023/07/31 v2.4d caption3 kernel (AR)
\caption@tempdima=\dimen175
\captionmargin=\dimen176
\caption@leftmargin=\dimen177
\caption@rightmargin=\dimen178
\caption@width=\dimen179
\caption@indent=\dimen180
\caption@parindent=\dimen181
\caption@hangindent=\dimen182
Package caption Info: Standard document class detected.
)
\c@caption@flags=\count294
\c@continuedfloat=\count295
Package caption Info: float package is loaded.
) (C:\Users\whj7560\AppData\Local\Programs\MiKTeX\tex/latex/tools\tabularx.sty
Package: tabularx 2023/12/11 v2.12a `tabularx' package (DPC)
 (C:\Users\whj7560\AppData\Local\Programs\MiKTeX\tex/latex/tools\array.sty
Package: array 2026/02/24 v2.7b Tabular extension package (FMi)
\col@sep=\dimen183
\ar@mcellbox=\box56
\extrarowheight=\dimen184
\NC@list=\toks24
\extratabsurround=\skip52
\backup@length=\skip53
\ar@cellbox=\box57
)
\TX@col@width=\dimen185
\TX@old@table=\dimen186
\TX@old@col=\dimen187
\TX@target=\dimen188
\TX@delta=\dimen189
\TX@cols=\count296
\TX@ftn=\toks25
) (C:\Users\whj7560\AppData\Local\Programs\MiKTeX\tex/latex/tcolorbox\tcolorbox.sty
Package: tcolorbox 2026/05/28 version 6.10.0 text color boxes
 (C:\Users\whj7560\AppData\Local\Programs\MiKTeX\tex/latex/pgf/frontendlayer\tikz.sty (C:\Users\whj7560\AppData\Local\Programs\MiKTeX\tex/latex/pgf/basiclayer\pgf.sty (C:\Users\whj7560\AppData\Local\Programs\MiKTeX\tex/latex/pgf/utilities\pgfrcs.sty (C:\Users\whj7560\AppData\Local\Programs\MiKTeX\tex/generic/pgf/utilities\pgfutil-common.tex
\pgfutil@everybye=\toks26
\pgfutil@tempdima=\dimen190
\pgfutil@tempdimb=\dimen191
) (C:\Users\whj7560\AppData\Local\Programs\MiKTeX\tex/generic/pgf/utilities\pgfutil-latex.def
\pgfutil@abb=\box58
) (C:\Users\whj7560\AppData\Local\Programs\MiKTeX\tex/generic/pgf/utilities\pgfrcs.code.tex (C:\Users\whj7560\AppData\Local\Programs\MiKTeX\tex/generic/pgf\pgf.revision.tex)
Package: pgfrcs 2025-08-29 v3.1.11a (3.1.11a)
))
Package: pgf 2025-08-29 v3.1.11a (3.1.11a)
 (C:\Users\whj7560\AppData\Local\Programs\MiKTeX\tex/latex/pgf/basiclayer\pgfcore.sty (C:\Users\whj7560\AppData\Local\Programs\MiKTeX\tex/latex/pgf/systemlayer\pgfsys.sty (C:\Users\whj7560\AppData\Local\Programs\MiKTeX\tex/generic/pgf/systemlayer\pgfsys.code.tex
Package: pgfsys 2025-08-29 v3.1.11a (3.1.11a)
 (C:\Users\whj7560\AppData\Local\Programs\MiKTeX\tex/generic/pgf/utilities\pgfkeys.code.tex
\pgfkeys@pathtoks=\toks27
\pgfkeys@temptoks=\toks28
 (C:\Users\whj7560\AppData\Local\Programs\MiKTeX\tex/generic/pgf/utilities\pgfkeyslibraryfiltered.code.tex
\pgfkeys@tmptoks=\toks29
))
\pgf@x=\dimen192
\pgf@y=\dimen193
\pgf@xa=\dimen194
\pgf@ya=\dimen195
\pgf@xb=\dimen196
\pgf@yb=\dimen197
\pgf@xc=\dimen198
\pgf@yc=\dimen199
\pgf@xd=\dimen256
\pgf@yd=\dimen257
\w@pgf@writea=\write3
\r@pgf@reada=\read2
\c@pgf@counta=\count297
\c@pgf@countb=\count298
\c@pgf@countc=\count299
\c@pgf@countd=\count300
\t@pgf@toka=\toks30
\t@pgf@tokb=\toks31
\t@pgf@tokc=\toks32
\pgf@sys@id@count=\count301
 (C:\Users\whj7560\AppData\Local\Programs\MiKTeX\tex/generic/pgf/systemlayer\pgf.cfg
File: pgf.cfg 2025-08-29 v3.1.11a (3.1.11a)
)
Driver file for pgf: pgfsys-pdftex.def
 (C:\Users\whj7560\AppData\Local\Programs\MiKTeX\tex/generic/pgf/systemlayer\pgfsys-pdftex.def
File: pgfsys-pdftex.def 2025-08-29 v3.1.11a (3.1.11a)
 (C:\Users\whj7560\AppData\Local\Programs\MiKTeX\tex/generic/pgf/systemlayer\pgfsys-common-pdf.def
File: pgfsys-common-pdf.def 2025-08-29 v3.1.11a (3.1.11a)
))) (C:\Users\whj7560\AppData\Local\Programs\MiKTeX\tex/generic/pgf/systemlayer\pgfsyssoftpath.code.tex
File: pgfsyssoftpath.code.tex 2025-08-29 v3.1.11a (3.1.11a)
\pgfsyssoftpath@smallbuffer@items=\count302
\pgfsyssoftpath@bigbuffer@items=\count303
) (C:\Users\whj7560\AppData\Local\Programs\MiKTeX\tex/generic/pgf/systemlayer\pgfsysprotocol.code.tex
File: pgfsysprotocol.code.tex 2025-08-29 v3.1.11a (3.1.11a)
)) (C:\Users\whj7560\AppData\Local\Programs\MiKTeX\tex/generic/pgf/basiclayer\pgfcore.code.tex
Package: pgfcore 2025-08-29 v3.1.11a (3.1.11a)
 (C:\Users\whj7560\AppData\Local\Programs\MiKTeX\tex/generic/pgf/math\pgfmath.code.tex (C:\Users\whj7560\AppData\Local\Programs\MiKTeX\tex/generic/pgf/math\pgfmathutil.code.tex) (C:\Users\whj7560\AppData\Local\Programs\MiKTeX\tex/generic/pgf/math\pgfmathparser.code.tex
\pgfmath@dimen=\dimen258
\pgfmath@count=\count304
\pgfmath@box=\box59
\pgfmath@toks=\toks33
\pgfmath@stack@operand=\toks34
\pgfmath@stack@operation=\toks35
) (C:\Users\whj7560\AppData\Local\Programs\MiKTeX\tex/generic/pgf/math\pgfmathfunctions.code.tex) (C:\Users\whj7560\AppData\Local\Programs\MiKTeX\tex/generic/pgf/math\pgfmathfunctions.basic.code.tex) (C:\Users\whj7560\AppData\Local\Programs\MiKTeX\tex/generic/pgf/math\pgfmathfunctions.trigonometric.code.tex) (C:\Users\whj7560\AppData\Local\Programs\MiKTeX\tex/generic/pgf/math\pgfmathfunctions.random.code.tex) (C:\Users\whj7560\AppData\Local\Programs\MiKTeX\tex/generic/pgf/math\pgfmathfunctions.comparison.code.tex) (C:\Users\whj7560\AppData\Local\Programs\MiKTeX\tex/generic/pgf/math\pgfmathfunctions.base.code.tex) (C:\Users\whj7560\AppData\Local\Programs\MiKTeX\tex/generic/pgf/math\pgfmathfunctions.round.code.tex) (C:\Users\whj7560\AppData\Local\Programs\MiKTeX\tex/generic/pgf/math\pgfmathfunctions.misc.code.tex) (C:\Users\whj7560\AppData\Local\Programs\MiKTeX\tex/generic/pgf/math\pgfmathfunctions.integerarithmetics.code.tex) (C:\Users\whj7560\AppData\Local\Programs\MiKTeX\tex/generic/pgf/math\pgfmathcalc.code.tex) (C:\Users\whj7560\AppData\Local\Programs\MiKTeX\tex/generic/pgf/math\pgfmathfloat.code.tex
\c@pgfmathroundto@lastzeros=\count305
)) (C:\Users\whj7560\AppData\Local\Programs\MiKTeX\tex/generic/pgf/math\pgfint.code.tex) (C:\Users\whj7560\AppData\Local\Programs\MiKTeX\tex/generic/pgf/basiclayer\pgfcorepoints.code.tex
File: pgfcorepoints.code.tex 2025-08-29 v3.1.11a (3.1.11a)
\pgf@picminx=\dimen259
\pgf@picmaxx=\dimen260
\pgf@picminy=\dimen261
\pgf@picmaxy=\dimen262
\pgf@pathminx=\dimen263
\pgf@pathmaxx=\dimen264
\pgf@pathminy=\dimen265
\pgf@pathmaxy=\dimen266
\pgf@xx=\dimen267
\pgf@xy=\dimen268
\pgf@yx=\dimen269
\pgf@yy=\dimen270
\pgf@zx=\dimen271
\pgf@zy=\dimen272
) (C:\Users\whj7560\AppData\Local\Programs\MiKTeX\tex/generic/pgf/basiclayer\pgfcorepathconstruct.code.tex
File: pgfcorepathconstruct.code.tex 2025-08-29 v3.1.11a (3.1.11a)
\pgf@path@lastx=\dimen273
\pgf@path@lasty=\dimen274
) (C:\Users\whj7560\AppData\Local\Programs\MiKTeX\tex/generic/pgf/basiclayer\pgfcorepathusage.code.tex
File: pgfcorepathusage.code.tex 2025-08-29 v3.1.11a (3.1.11a)
\pgf@shorten@end@additional=\dimen275
\pgf@shorten@start@additional=\dimen276
) (C:\Users\whj7560\AppData\Local\Programs\MiKTeX\tex/generic/pgf/basiclayer\pgfcorescopes.code.tex
File: pgfcorescopes.code.tex 2025-08-29 v3.1.11a (3.1.11a)
\pgfpic=\box60
\pgf@hbox=\box61
\pgf@layerbox@main=\box62
\pgf@picture@serial@count=\count306
) (C:\Users\whj7560\AppData\Local\Programs\MiKTeX\tex/generic/pgf/basiclayer\pgfcoregraphicstate.code.tex
File: pgfcoregraphicstate.code.tex 2025-08-29 v3.1.11a (3.1.11a)
\pgflinewidth=\dimen277
) (C:\Users\whj7560\AppData\Local\Programs\MiKTeX\tex/generic/pgf/basiclayer\pgfcoretransformations.code.tex
File: pgfcoretransformations.code.tex 2025-08-29 v3.1.11a (3.1.11a)
\pgf@pt@x=\dimen278
\pgf@pt@y=\dimen279
\pgf@pt@temp=\dimen280
) (C:\Users\whj7560\AppData\Local\Programs\MiKTeX\tex/generic/pgf/basiclayer\pgfcorequick.code.tex
File: pgfcorequick.code.tex 2025-08-29 v3.1.11a (3.1.11a)
) (C:\Users\whj7560\AppData\Local\Programs\MiKTeX\tex/generic/pgf/basiclayer\pgfcoreobjects.code.tex
File: pgfcoreobjects.code.tex 2025-08-29 v3.1.11a (3.1.11a)
) (C:\Users\whj7560\AppData\Local\Programs\MiKTeX\tex/generic/pgf/basiclayer\pgfcorepathprocessing.code.tex
File: pgfcorepathprocessing.code.tex 2025-08-29 v3.1.11a (3.1.11a)
) (C:\Users\whj7560\AppData\Local\Programs\MiKTeX\tex/generic/pgf/basiclayer\pgfcorearrows.code.tex
File: pgfcorearrows.code.tex 2025-08-29 v3.1.11a (3.1.11a)
\pgfarrowsep=\dimen281
) (C:\Users\whj7560\AppData\Local\Programs\MiKTeX\tex/generic/pgf/basiclayer\pgfcoreshade.code.tex
File: pgfcoreshade.code.tex 2025-08-29 v3.1.11a (3.1.11a)
\pgf@max=\dimen282
\pgf@sys@shading@range@num=\count307
\pgf@shadingcount=\count308
) (C:\Users\whj7560\AppData\Local\Programs\MiKTeX\tex/generic/pgf/basiclayer\pgfcoreimage.code.tex
File: pgfcoreimage.code.tex 2025-08-29 v3.1.11a (3.1.11a)
) (C:\Users\whj7560\AppData\Local\Programs\MiKTeX\tex/generic/pgf/basiclayer\pgfcoreexternal.code.tex
File: pgfcoreexternal.code.tex 2025-08-29 v3.1.11a (3.1.11a)
\pgfexternal@startupbox=\box63
) (C:\Users\whj7560\AppData\Local\Programs\MiKTeX\tex/generic/pgf/basiclayer\pgfcorelayers.code.tex
File: pgfcorelayers.code.tex 2025-08-29 v3.1.11a (3.1.11a)
) (C:\Users\whj7560\AppData\Local\Programs\MiKTeX\tex/generic/pgf/basiclayer\pgfcoretransparency.code.tex
File: pgfcoretransparency.code.tex 2025-08-29 v3.1.11a (3.1.11a)
) (C:\Users\whj7560\AppData\Local\Programs\MiKTeX\tex/generic/pgf/basiclayer\pgfcorepatterns.code.tex
File: pgfcorepatterns.code.tex 2025-08-29 v3.1.11a (3.1.11a)
) (C:\Users\whj7560\AppData\Local\Programs\MiKTeX\tex/generic/pgf/basiclayer\pgfcorerdf.code.tex
File: pgfcorerdf.code.tex 2025-08-29 v3.1.11a (3.1.11a)
))) (C:\Users\whj7560\AppData\Local\Programs\MiKTeX\tex/generic/pgf/modules\pgfmoduleshapes.code.tex
File: pgfmoduleshapes.code.tex 2025-08-29 v3.1.11a (3.1.11a)
\pgfnodeparttextbox=\box64
) (C:\Users\whj7560\AppData\Local\Programs\MiKTeX\tex/generic/pgf/modules\pgfmoduleplot.code.tex
File: pgfmoduleplot.code.tex 2025-08-29 v3.1.11a (3.1.11a)
) (C:\Users\whj7560\AppData\Local\Programs\MiKTeX\tex/latex/pgf/compatibility\pgfcomp-version-0-65.sty
Package: pgfcomp-version-0-65 2025-08-29 v3.1.11a (3.1.11a)
\pgf@nodesepstart=\dimen283
\pgf@nodesepend=\dimen284
) (C:\Users\whj7560\AppData\Local\Programs\MiKTeX\tex/latex/pgf/compatibility\pgfcomp-version-1-18.sty
Package: pgfcomp-version-1-18 2025-08-29 v3.1.11a (3.1.11a)
)) (C:\Users\whj7560\AppData\Local\Programs\MiKTeX\tex/latex/pgf/utilities\pgffor.sty (C:\Users\whj7560\AppData\Local\Programs\MiKTeX\tex/latex/pgf/utilities\pgfkeys.sty (C:\Users\whj7560\AppData\Local\Programs\MiKTeX\tex/generic/pgf/utilities\pgfkeys.code.tex)) (C:\Users\whj7560\AppData\Local\Programs\MiKTeX\tex/latex/pgf/math\pgfmath.sty (C:\Users\whj7560\AppData\Local\Programs\MiKTeX\tex/generic/pgf/math\pgfmath.code.tex)) (C:\Users\whj7560\AppData\Local\Programs\MiKTeX\tex/generic/pgf/utilities\pgffor.code.tex
Package: pgffor 2025-08-29 v3.1.11a (3.1.11a)
\pgffor@iter=\dimen285
\pgffor@skip=\dimen286
\pgffor@stack=\toks36
\pgffor@toks=\toks37
)) (C:\Users\whj7560\AppData\Local\Programs\MiKTeX\tex/generic/pgf/frontendlayer/tikz\tikz.code.tex
Package: tikz 2025-08-29 v3.1.11a (3.1.11a)
 (C:\Users\whj7560\AppData\Local\Programs\MiKTeX\tex/generic/pgf/libraries\pgflibraryplothandlers.code.tex
File: pgflibraryplothandlers.code.tex 2025-08-29 v3.1.11a (3.1.11a)
\pgf@plot@mark@count=\count309
\pgfplotmarksize=\dimen287
)
\tikz@lastx=\dimen288
\tikz@lasty=\dimen289
\tikz@lastxsaved=\dimen290
\tikz@lastysaved=\dimen291
\tikz@lastmovetox=\dimen292
\tikz@lastmovetoy=\dimen293
\tikzleveldistance=\dimen294
\tikzsiblingdistance=\dimen295
\tikz@figbox=\box65
\tikz@figbox@bg=\box66
\tikz@tempbox=\box67
\tikz@tempbox@bg=\box68
\tikztreelevel=\count310
\tikznumberofchildren=\count311
\tikznumberofcurrentchild=\count312
\tikz@fig@count=\count313
 (C:\Users\whj7560\AppData\Local\Programs\MiKTeX\tex/generic/pgf/modules\pgfmodulematrix.code.tex
File: pgfmodulematrix.code.tex 2025-08-29 v3.1.11a (3.1.11a)
\pgfmatrixcurrentrow=\count314
\pgfmatrixcurrentcolumn=\count315
\pgf@matrix@numberofcolumns=\count316
)
\tikz@expandcount=\count317
 (C:\Users\whj7560\AppData\Local\Programs\MiKTeX\tex/generic/pgf/frontendlayer/tikz/libraries\tikzlibrarytopaths.code.tex
File: tikzlibrarytopaths.code.tex 2025-08-29 v3.1.11a (3.1.11a)
))) (C:\Users\whj7560\AppData\Local\Programs\MiKTeX\tex/latex/tools\verbatim.sty
Package: verbatim 2024-01-22 v1.5x LaTeX2e package for verbatim enhancements
\every@verbatim=\toks38
\verbatim@line=\toks39
\verbatim@in@stream=\read3
) (C:\Users\whj7560\AppData\Local\Programs\MiKTeX\tex/latex/environ\environ.sty
Package: environ 2014/05/04 v0.3 A new way to define environments
 (C:\Users\whj7560\AppData\Local\Programs\MiKTeX\tex/latex/trimspaces\trimspaces.sty
Package: trimspaces 2009/09/17 v1.1 Trim spaces around a token list
)
\@envbody=\toks40
) (C:\Users\whj7560\AppData\Local\Programs\MiKTeX\tex/latex/etoolbox\etoolbox.sty
Package: etoolbox 2025/10/02 v2.5m e-TeX tools for LaTeX (JAW)
\etb@tempcnta=\count318
)
\tcb@titlebox=\box69
\tcb@upperbox=\box70
\tcb@lowerbox=\box71
\tcb@phantombox=\box72
\c@tcbbreakpart=\count319
\c@tcblayer=\count320
\c@tcolorbox@number=\count321
\l__tcobox_tmpa_box=\box73
\l__tcobox_tmpa_dim=\dimen296
\tcb@temp=\box74
\tcb@temp=\box75
\tcb@temp=\box76
\tcb@temp=\box77
 (C:\Users\whj7560\AppData\Local\Programs\MiKTeX\tex/latex/tcolorbox\tcbraster.code.tex
Library (tcolorbox): 'tcbraster.code.tex' version '6.10.0'
\c@tcbrastercolumn=\count322
\c@tcbrasterrow=\count323
\c@tcbrasternum=\count324
\c@tcbraster=\count325
) (C:\Users\whj7560\AppData\Local\Programs\MiKTeX\tex/latex/tcolorbox\tcbskins.code.tex
Library (tcolorbox): 'tcbskins.code.tex' version '6.10.0'
(C:\Users\whj7560\AppData\Local\Programs\MiKTeX\tex/latex/tikzfill\tikzfill.image.sty
Package: tikzfill.image 2026/04/23 v1.2.0 Image filling library for TikZ
 (C:\Users\whj7560\AppData\Local\Programs\MiKTeX\tex/latex/tikzfill\tikzlibraryfill.image.code.tex
File: tikzlibraryfill.image.code.tex 2026/04/23 v1.2.0 Image filling library
\l__tikzfill_tmpa_dim=\dimen297
\l__tikzfill_tmpb_dim=\dimen298
\l__tikzfill_img_box=\box78
)) (C:\Users\whj7560\AppData\Local\Programs\MiKTeX\tex/latex/tcolorbox\tcbskinsjigsaw.code.tex
Library (tcolorbox): 'tcbskinsjigsaw.code.tex' version '6.10.0'
)) (C:\Users\whj7560\AppData\Local\Programs\MiKTeX\tex/latex/tcolorbox\tcbbreakable.code.tex
Library (tcolorbox): 'tcbbreakable.code.tex' version '6.10.0'
(C:\Users\whj7560\AppData\Local\Programs\MiKTeX\tex/latex/pdfcol\pdfcol.sty
Package: pdfcol 2022-09-21 v1.7 Handle new color stacks for pdfTeX (HO)
 (C:\Users\whj7560\AppData\Local\Programs\MiKTeX\tex/generic/ltxcmds\ltxcmds.sty
Package: ltxcmds 2023-12-04 v1.26 LaTeX kernel commands for general use (HO)
) (C:\Users\whj7560\AppData\Local\Programs\MiKTeX\tex/generic/infwarerr\infwarerr.sty
Package: infwarerr 2019/12/03 v1.5 Providing info/warning/error messages (HO)
))
Package pdfcol Info: New color stack `tcb@breakable' = 1 on input line 23.
\tcb@testbox=\box79
\tcb@totalupperbox=\box80
\tcb@totallowerbox=\box81
) (C:\Users\whj7560\AppData\Local\Programs\MiKTeX\tex/latex/tcolorbox\tcbhooks.code.tex
Library (tcolorbox): 'tcbhooks.code.tex' version '6.10.0'
) (C:\Users\whj7560\AppData\Local\Programs\MiKTeX\tex/latex/tcolorbox\tcbtheorems.code.tex
Library (tcolorbox): 'tcbtheorems.code.tex' version '6.10.0'
(C:\Users\whj7560\AppData\Local\Programs\MiKTeX\tex/latex/amsmath\amsmath.sty
Package: amsmath 2026/05/19 v2.18d AMS math features
\@mathmargin=\skip54

For additional information on amsmath, use the `?' option.
(C:\Users\whj7560\AppData\Local\Programs\MiKTeX\tex/latex/amsmath\amstext.sty
Package: amstext 2024/11/17 v2.01 AMS text
 (C:\Users\whj7560\AppData\Local\Programs\MiKTeX\tex/latex/amsmath\amsgen.sty
File: amsgen.sty 1999/11/30 v2.0 generic functions
\@emptytoks=\toks41
\ex@=\dimen299
)) (C:\Users\whj7560\AppData\Local\Programs\MiKTeX\tex/latex/amsmath\amsbsy.sty
Package: amsbsy 1999/11/29 v1.2d Bold Symbols
\pmbraise@=\dimen300
) (C:\Users\whj7560\AppData\Local\Programs\MiKTeX\tex/latex/amsmath\amsopn.sty
Package: amsopn 2022/04/08 v2.04 operator names
)
\inf@bad=\count326
LaTeX Info: Redefining \frac on input line 233.
\uproot@=\count327
\leftroot@=\count328
LaTeX Info: Redefining \overline on input line 398.
LaTeX Info: Redefining \colon on input line 409.
\classnum@=\count329
\DOTSCASE@=\count330
LaTeX Info: Redefining \ldots on input line 495.
LaTeX Info: Redefining \dots on input line 498.
LaTeX Info: Redefining \cdots on input line 619.
\Mathstrutbox@=\box82
\strutbox@=\box83
LaTeX Info: Redefining \big on input line 721.
LaTeX Info: Redefining \Big on input line 722.
LaTeX Info: Redefining \bigg on input line 723.
LaTeX Info: Redefining \Bigg on input line 724.
\big@size=\dimen301
LaTeX Font Info:    Redeclaring font encoding OML on input line 742.
LaTeX Font Info:    Redeclaring font encoding OMS on input line 743.
\macc@depth=\count331
LaTeX Info: Redefining \bmod on input line 904.
LaTeX Info: Redefining \pmod on input line 909.
LaTeX Info: Redefining \smash on input line 939.
LaTeX Info: Redefining \relbar on input line 969.
LaTeX Info: Redefining \Relbar on input line 970.
\c@MaxMatrixCols=\count332
\dotsspace@=\muskip17
\c@parentequation=\count333
\dspbrk@lvl=\count334
\tag@help=\toks42
\row@=\count335
\column@=\count336
\maxfields@=\count337
\andhelp@=\toks43
\eqnshift@=\dimen302
\alignsep@=\dimen303
\tagshift@=\dimen304
\tagwidth@=\dimen305
\totwidth@=\dimen306
\lineht@=\dimen307
\@envbody=\toks44
\multlinegap=\skip55
\multlinetaggap=\skip56
\mathdisplay@stack=\toks45
LaTeX Info: Redefining \[ on input line 2965.
LaTeX Info: Redefining \] on input line 2966.
)) (C:\Users\whj7560\AppData\Local\Programs\MiKTeX\tex/latex/tcolorbox\tcbfitting.code.tex
Library (tcolorbox): 'tcbfitting.code.tex' version '6.10.0'
\tcbfitdim=\dimen308
\tcb@lowerfitdim=\dimen309
\tcb@upperfitdim=\dimen310
\tcb@cur@hbadness=\count338
) (C:\Users\whj7560\AppData\Local\Programs\MiKTeX\tex/latex/tcolorbox\tcblistingsutf8.code.tex
Library (tcolorbox): 'tcblistingsutf8.code.tex' version '6.10.0'
(C:\Users\whj7560\AppData\Local\Programs\MiKTeX\tex/latex/tcolorbox\tcblistings.code.tex
Library (tcolorbox): 'tcblistings.code.tex' version '6.10.0'
(C:\Users\whj7560\AppData\Local\Programs\MiKTeX\tex/latex/listings\listings.sty
\lst@mode=\count339
\lst@gtempboxa=\box84
\lst@token=\toks46
\lst@length=\count340
\lst@currlwidth=\dimen311
\lst@column=\count341
\lst@pos=\count342
\lst@lostspace=\dimen312
\lst@width=\dimen313
\lst@newlines=\count343
\lst@lineno=\count344
\lst@maxwidth=\dimen314
 (C:\Users\whj7560\AppData\Local\Programs\MiKTeX\tex/latex/listings\lstpatch.sty
File: lstpatch.sty 2025/11/14 1.11b (Carsten Heinz)
) (C:\Users\whj7560\AppData\Local\Programs\MiKTeX\tex/latex/listings\lstmisc.sty
File: lstmisc.sty 2025/11/14 1.11b (Carsten Heinz)
\c@lstnumber=\count345
\lst@skipnumbers=\count346
\lst@framebox=\box85
) (C:\Users\whj7560\AppData\Local\Programs\MiKTeX\tex/latex/listings\listings.cfg
File: listings.cfg 2025/11/14 1.11b listings configuration
))
Package: listings 2025/11/14 1.11b (Carsten Heinz)
 (C:\Users\whj7560\AppData\Local\Programs\MiKTeX\tex/latex/tcolorbox\tcblistingscore.code.tex
Library (tcolorbox): 'tcblistingscore.code.tex' version '6.10.0'
(C:\Users\whj7560\AppData\Local\Programs\MiKTeX\tex/latex/tcolorbox\tcbprocessing.code.tex
Library (tcolorbox): 'tcbprocessing.code.tex' version '6.10.0'
)
\c@tcblisting=\count347
)) (C:\Users\whj7560\AppData\Local\Programs\MiKTeX\tex/latex/listingsutf8\listingsutf8.sty
Package: listingsutf8 2019-12-10 v1.5 Allow UTF-8 in listings input (HO)
 (C:\Users\whj7560\AppData\Local\Programs\MiKTeX\tex/generic/pdftexcmds\pdftexcmds.sty
Package: pdftexcmds 2020-06-27 v0.33 Utility functions of pdfTeX for LuaTeX (HO)
Package pdftexcmds Info: \pdf@primitive is available.
Package pdftexcmds Info: \pdf@ifprimitive is available.
Package pdftexcmds Info: \pdfdraftmode found.
) (C:\Users\whj7560\AppData\Local\Programs\MiKTeX\tex/generic/stringenc\stringenc.sty
Package: stringenc 2019/11/29 v1.12 Convert strings between diff. encodings (HO)
 (C:\Users\whj7560\AppData\Local\Programs\MiKTeX\tex/generic/pdfescape\pdfescape.sty
Package: pdfescape 2019/12/09 v1.15 Implements pdfTeX's escape features (HO)
)))) (C:\Users\whj7560\AppData\Local\Programs\MiKTeX\tex/latex/tcolorbox\tcbexternal.code.tex
Library (tcolorbox): 'tcbexternal.code.tex' version '6.10.0'
) (C:\Users\whj7560\AppData\Local\Programs\MiKTeX\tex/latex/tcolorbox\tcbmagazine.code.tex
Library (tcolorbox): 'tcbmagazine.code.tex' version '6.10.0'
) (C:\Users\whj7560\AppData\Local\Programs\MiKTeX\tex/latex/tcolorbox\tcbvignette.code.tex
Library (tcolorbox): 'tcbvignette.code.tex' version '6.10.0'
(C:\Users\whj7560\AppData\Local\Programs\MiKTeX\tex/generic/pgf/frontendlayer/tikz/libraries\tikzlibraryfadings.code.tex
File: tikzlibraryfadings.code.tex 2025-08-29 v3.1.11a (3.1.11a)
 (C:\Users\whj7560\AppData\Local\Programs\MiKTeX\tex/generic/pgf/libraries\pgflibraryfadings.code.tex
File: pgflibraryfadings.code.tex 2025-08-29 v3.1.11a (3.1.11a)
))) (C:\Users\whj7560\AppData\Local\Programs\MiKTeX\tex/latex/tcolorbox\tcbposter.code.tex
Library (tcolorbox): 'tcbposter.code.tex' version '6.10.0'
)) (C:\Users\whj7560\AppData\Local\Programs\MiKTeX\tex/latex/colortbl\colortbl.sty
Package: colortbl 2026/05/01 v1.0l Color table columns (DPC)

new hooks used!!
\minrowclearance=\skip57
\rownum=\count348
) (C:\Users\whj7560\AppData\Local\Programs\MiKTeX\tex/latex/tools\longtable.sty
Package: longtable 2026-01-28 v4.27 Multi-page Table package (DPC)
\LTleft=\skip58
\LTright=\skip59
\LTpre=\skip60
\LTpost=\skip61
\LTchunksize=\count349
\LTcapwidth=\dimen315
\LT@head=\box86
\LT@firsthead=\box87
\LT@foot=\box88
\LT@lastfoot=\box89
\LT@gbox=\box90
\LT@cols=\count350
\LT@rows=\count351
\c@LT@tables=\count352
\c@LT@chunks=\count353
\LT@p@ftn=\toks47
) (C:\Users\whj7560\AppData\Local\Programs\MiKTeX\tex/latex/hyperref\hyperref.sty
Package: hyperref 2026-06-17 v7.01r Hypertext links for LaTeX
 (C:\Users\whj7560\AppData\Local\Programs\MiKTeX\tex/latex/kvsetkeys\kvsetkeys.sty
Package: kvsetkeys 2022-10-05 v1.19 Key value parser (HO)
) (C:\Users\whj7560\AppData\Local\Programs\MiKTeX\tex/generic/kvdefinekeys\kvdefinekeys.sty
Package: kvdefinekeys 2019-12-19 v1.6 Define keys (HO)
) (C:\Users\whj7560\AppData\Local\Programs\MiKTeX\tex/latex/hycolor\hycolor.sty
Package: hycolor 2020-01-27 v1.10 Color options for hyperref/bookmark (HO)
) (C:\Users\whj7560\AppData\Local\Programs\MiKTeX\tex/latex/hyperref\nameref.sty
Package: nameref 2026-01-29 v2.58 Cross-referencing by name of section
 (C:\Users\whj7560\AppData\Local\Programs\MiKTeX\tex/latex/refcount\refcount.sty
Package: refcount 2019/12/15 v3.6 Data extraction from label references (HO)
) (C:\Users\whj7560\AppData\Local\Programs\MiKTeX\tex/generic/gettitlestring\gettitlestring.sty
Package: gettitlestring 2019/12/15 v1.6 Cleanup title references (HO)
 (C:\Users\whj7560\AppData\Local\Programs\MiKTeX\tex/latex/kvoptions\kvoptions.sty
Package: kvoptions 2022-06-15 v3.15 Key value format for package options (HO)
))
\c@section@level=\count354
)
\@linkdim=\dimen316
\Hy@linkcounter=\count355
\Hy@pagecounter=\count356
 (C:\Users\whj7560\AppData\Local\Programs\MiKTeX\tex/latex/hyperref\pd1enc.def
File: pd1enc.def 2026-06-17 v7.01r Hyperref: PDFDocEncoding definition (HO)
Now handling font encoding PD1 ...
... no UTF-8 mapping file for font encoding PD1
) (C:\Users\whj7560\AppData\Local\Programs\MiKTeX\tex/generic/intcalc\intcalc.sty
Package: intcalc 2019/12/15 v1.3 Expandable calculations with integers (HO)
)
\Hy@SavedSpaceFactor=\count357
 (C:\Users\whj7560\AppData\Local\Programs\MiKTeX\tex/latex/hyperref\puenc.def
File: puenc.def 2026-06-17 v7.01r Hyperref: PDF Unicode definition (HO)
Now handling font encoding PU ...
... no UTF-8 mapping file for font encoding PU
)
Package hyperref Info: Hyper figures OFF on input line 4199.
Package hyperref Info: Link nesting OFF on input line 4204.
Package hyperref Info: Hyper index ON on input line 4207.
Package hyperref Info: Plain pages OFF on input line 4214.
Package hyperref Info: Backreferencing OFF on input line 4219.
Package hyperref Info: Implicit mode ON; LaTeX internals redefined.
Package hyperref Info: Bookmarks ON on input line 4466.
\c@Hy@tempcnt=\count358
 (C:\Users\whj7560\AppData\Local\Programs\MiKTeX\tex/latex/url\url.sty
\Urlmuskip=\muskip18
Package: url 2013/09/16  ver 3.4  Verb mode for urls, etc.
)
LaTeX Info: Redefining \url on input line 4805.
\XeTeXLinkMargin=\dimen317
 (C:\Users\whj7560\AppData\Local\Programs\MiKTeX\tex/generic/bitset\bitset.sty
Package: bitset 2019/12/09 v1.3 Handle bit-vector datatype (HO)
 (C:\Users\whj7560\AppData\Local\Programs\MiKTeX\tex/generic/bigintcalc\bigintcalc.sty
Package: bigintcalc 2019/12/15 v1.5 Expandable calculations on big integers (HO)
))
\Fld@menulength=\count359
\Field@Width=\dimen318
\Fld@charsize=\dimen319
Package hyperref Info: Hyper figures OFF on input line 6091.
Package hyperref Info: Link nesting OFF on input line 6096.
Package hyperref Info: Hyper index ON on input line 6099.
Package hyperref Info: backreferencing OFF on input line 6106.
Package hyperref Info: Link coloring OFF on input line 6111.
Package hyperref Info: Link coloring with OCG OFF on input line 6116.
Package hyperref Info: PDF/A mode OFF on input line 6121.
\Hy@abspage=\count360
\c@Item=\count361
\c@Hfootnote=\count362
)
Package hyperref Info: Driver (autodetected): hpdftex.
 (C:\Users\whj7560\AppData\Local\Programs\MiKTeX\tex/latex/hyperref\hpdftex.def
File: hpdftex.def 2026-06-17 v7.01r Hyperref driver for pdfTeX
\Fld@listcount=\count363
\c@bookmark@seq@number=\count364
 (C:\Users\whj7560\AppData\Local\Programs\MiKTeX\tex/latex/rerunfilecheck\rerunfilecheck.sty
Package: rerunfilecheck 2025-06-21 v1.11 Rerun checks for auxiliary files (HO)
 (C:\Users\whj7560\AppData\Local\Programs\MiKTeX\tex/generic/uniquecounter\uniquecounter.sty
Package: uniquecounter 2019/12/15 v1.4 Provide unlimited unique counter (HO)
)
Package uniquecounter Info: New unique counter `rerunfilecheck' on input line 284.
)
\Hy@SectionHShift=\skip62
) (C:\Users\whj7560\AppData\Local\Programs\MiKTeX\tex/latex/xurl\xurl.sty
Package: xurl 2022/01/09 v 0.10 modify URL breaks
) (C:\Users\whj7560\AppData\Local\Programs\MiKTeX\tex/latex/fancyhdr\fancyhdr.sty
Package: fancyhdr 2025/02/07 v5.2 Extensive control of page headers and footers
\f@nch@headwidth=\skip63
\f@nch@offset@elh=\skip64
\f@nch@offset@erh=\skip65
\f@nch@offset@olh=\skip66
\f@nch@offset@orh=\skip67
\f@nch@offset@elf=\skip68
\f@nch@offset@erf=\skip69
\f@nch@offset@olf=\skip70
\f@nch@offset@orf=\skip71
\f@nch@height=\skip72
\f@nch@footalignment=\skip73
\f@nch@widthL=\skip74
\f@nch@widthC=\skip75
\f@nch@widthR=\skip76
\@temptokenb=\toks48
) (C:\Users\whj7560\AppData\Local\Programs\MiKTeX\tex/latex/titlesec\titlesec.sty
Package: titlesec 2025/01/04 v2.17 Sectioning titles
\ttl@box=\box91
\beforetitleunit=\skip77
\aftertitleunit=\skip78
\ttl@plus=\dimen320
\ttl@minus=\dimen321
\ttl@toksa=\toks49
\titlewidth=\dimen322
\titlewidthlast=\dimen323
\titlewidthfirst=\dimen324
) (C:\Users\whj7560\AppData\Local\Programs\MiKTeX\tex/latex/tocloft\tocloft.sty
Package: tocloft 2017/08/31 v2.3i parameterised ToC, etc., typesetting
Package tocloft Info: The document has section divisions on input line 51.
\cftparskip=\skip79
\cftbeforetoctitleskip=\skip80
\cftaftertoctitleskip=\skip81
\cftbeforepartskip=\skip82
\cftpartnumwidth=\skip83
\cftpartindent=\skip84
\cftbeforesecskip=\skip85
\cftsecindent=\skip86
\cftsecnumwidth=\skip87
\cftbeforesubsecskip=\skip88
\cftsubsecindent=\skip89
\cftsubsecnumwidth=\skip90
\cftbeforesubsubsecskip=\skip91
\cftsubsubsecindent=\skip92
\cftsubsubsecnumwidth=\skip93
\cftbeforeparaskip=\skip94
\cftparaindent=\skip95
\cftparanumwidth=\skip96
\cftbeforesubparaskip=\skip97
\cftsubparaindent=\skip98
\cftsubparanumwidth=\skip99
\cftbeforeloftitleskip=\skip100
\cftafterloftitleskip=\skip101
\cftbeforefigskip=\skip102
\cftfigindent=\skip103
\cftfignumwidth=\skip104
\c@lofdepth=\count365
\c@lotdepth=\count366
\cftbeforelottitleskip=\skip105
\cftafterlottitleskip=\skip106
\cftbeforetabskip=\skip107
\cfttabindent=\skip108
\cfttabnumwidth=\skip109
)) (styles.tex
\c@assemblystep=\count367
) (documentinfo.tex)
LaTeX Font Info:    Trying to load font information for T1+lmr on input line 10.
 (C:\Users\whj7560\AppData\Local\Programs\MiKTeX\tex/latex/lm\t1lmr.fd
File: t1lmr.fd 2015/05/01 v1.6.1 Font defs for Latin Modern
) (C:\Users\whj7560\AppData\Local\Programs\MiKTeX\tex/latex/l3backend\l3backend-pdftex.def
File: l3backend-pdftex.def 2026-02-18 L3 backend support: PDF output (pdfTeX)
\l__color_backend_stack_int=\count368
) (main.aux)
\openout1 = `main.aux'.

LaTeX Font Info:    Checking defaults for OML/cmm/m/it on input line 10.
LaTeX Font Info:    ... okay on input line 10.
LaTeX Font Info:    Checking defaults for OMS/cmsy/m/n on input line 10.
LaTeX Font Info:    ... okay on input line 10.
LaTeX Font Info:    Checking defaults for OT1/cmr/m/n on input line 10.
LaTeX Font Info:    ... okay on input line 10.
LaTeX Font Info:    Checking defaults for T1/cmr/m/n on input line 10.
LaTeX Font Info:    ... okay on input line 10.
LaTeX Font Info:    Checking defaults for TS1/cmr/m/n on input line 10.
LaTeX Font Info:    ... okay on input line 10.
LaTeX Font Info:    Checking defaults for OMX/cmex/m/n on input line 10.
LaTeX Font Info:    ... okay on input line 10.
LaTeX Font Info:    Checking defaults for U/cmr/m/n on input line 10.
LaTeX Font Info:    ... okay on input line 10.
LaTeX Font Info:    Checking defaults for PD1/pdf/m/n on input line 10.
LaTeX Font Info:    ... okay on input line 10.
LaTeX Font Info:    Checking defaults for PU/pdf/m/n on input line 10.
LaTeX Font Info:    ... okay on input line 10.

*geometry* driver: auto-detecting
*geometry* detected driver: pdftex
*geometry* verbose mode - [ preamble ] result:
* driver: pdftex
* paper: letterpaper
* layout: <same size as paper>
* layoutoffset:(h,v)=(0.0pt,0.0pt)
* modes: 
* h-part:(L,W,R)=(61.42993pt, 491.43513pt, 61.42993pt)
* v-part:(T,H,B)=(61.42993pt, 672.11012pt, 61.42993pt)
* \paperwidth=614.295pt
* \paperheight=794.96999pt
* \textwidth=491.43513pt
* \textheight=672.11012pt
* \oddsidemargin=-10.84006pt
* \evensidemargin=-10.84006pt
* \topmargin=-47.84006pt
* \headheight=12.0pt
* \headsep=25.0pt
* \topskip=11.0pt
* \footskip=30.0pt
* \marginparwidth=59.0pt
* \marginparsep=10.0pt
* \columnsep=10.0pt
* \skip\footins=10.0pt plus 4.0pt minus 2.0pt
* \hoffset=0.0pt
* \voffset=0.0pt
* \mag=1000
* \@twocolumnfalse
* \@twosidefalse
* \@mparswitchfalse
* \@reversemarginfalse
* (1in=72.27pt=25.4mm, 1cm=28.453pt)

(C:\Users\whj7560\AppData\Local\Programs\MiKTeX\tex/context/base/mkii\supp-pdf.mkii
[Loading MPS to PDF converter (version 2006.09.02).]
\scratchcounter=\count369
\scratchdimen=\dimen325
\scratchbox=\box92
\nofMPsegments=\count370
\nofMParguments=\count371
\everyMPshowfont=\toks50
\MPscratchCnt=\count372
\MPscratchDim=\dimen326
\MPnumerator=\count373
\makeMPintoPDFobject=\count374
\everyMPtoPDFconversion=\toks51
) (C:\Users\whj7560\AppData\Local\Programs\MiKTeX\tex/latex/epstopdf-pkg\epstopdf-base.sty
Package: epstopdf-base 2020-01-24 v2.11 Base part for package epstopdf
Package epstopdf-base Info: Redefining graphics rule for `.eps' on input line 485.
 (C:\Users\whj7560\AppData\Local\Programs\MiKTeX\tex/latex/00miktex\epstopdf-sys.cfg
File: epstopdf-sys.cfg 2021/03/18 v2.0 Configuration of epstopdf for MiKTeX
))
Package caption Info: Begin \AtBeginDocument code.
Package caption Info: hyperref package is loaded.
Package caption Info: listings package is loaded.
Package caption Info: longtable package is loaded.
 (C:\Users\whj7560\AppData\Local\Programs\MiKTeX\tex/latex/caption\ltcaption.sty
Package: ltcaption 2021/01/08 v1.4c longtable captions (AR)
)
Package caption Info: End \AtBeginDocument code.
\c@lstlisting=\count375
Package hyperref Info: Link coloring OFF on input line 10.
 (main.out) (main.out)
\@outlinefile=\write4
\openout4 = `main.out'.

 (titlepage.tex
LaTeX Font Info:    Trying to load font information for OT1+lmr on input line 52.
 (C:\Users\whj7560\AppData\Local\Programs\MiKTeX\tex/latex/lm\ot1lmr.fd
File: ot1lmr.fd 2015/05/01 v1.6.1 Font defs for Latin Modern
)
LaTeX Font Info:    Trying to load font information for OML+lmm on input line 52.
 (C:\Users\whj7560\AppData\Local\Programs\MiKTeX\tex/latex/lm\omllmm.fd
File: omllmm.fd 2015/05/01 v1.6.1 Font defs for Latin Modern
)
LaTeX Font Info:    Trying to load font information for OMS+lmsy on input line 52.
 (C:\Users\whj7560\AppData\Local\Programs\MiKTeX\tex/latex/lm\omslmsy.fd
File: omslmsy.fd 2015/05/01 v1.6.1 Font defs for Latin Modern
)
LaTeX Font Info:    Trying to load font information for OMX+lmex on input line 52.
 (C:\Users\whj7560\AppData\Local\Programs\MiKTeX\tex/latex/lm\omxlmex.fd
File: omxlmex.fd 2015/05/01 v1.6.1 Font defs for Latin Modern
)
LaTeX Font Info:    External font `lmex10' loaded for size
(Font)              <10.95> on input line 52.
LaTeX Font Info:    External font `lmex10' loaded for size
(Font)              <8> on input line 52.
LaTeX Font Info:    External font `lmex10' loaded for size
(Font)              <6> on input line 52.
 [1

{C:/Users/whj7560/AppData/Local/MiKTeX/fonts/map/pdftex/pdftex.map}{C:/Users/whj7560/AppData/Local/Programs/MiKTeX/fonts/enc/dvips/lm/lm-ec.enc}]) (main.toc)
\tf@toc=\write5
\openout5 = `main.toc'.

 [1

] (sections/motor_assembly.tex (C:\Users\whj7560\AppData\Local\Programs\MiKTeX\tex/latex/lm\ts1lmr.fd)
File: media/image1.jpg Graphic file (type jpg)
<use media/image1.jpg>
Package pdftex.def Info: media/image1.jpg  used on input line 27.
(pdftex.def)             Requested size: 128.83778pt x 158.48619pt.


Package fancyhdr Warning: \headheight is too small (12.0pt): 
(fancyhdr)                Make it at least 13.59999pt, for example:
(fancyhdr)                \setlength{\headheight}{13.59999pt}.
(fancyhdr)                You might also make \topmargin smaller:
(fancyhdr)                \addtolength{\topmargin}{-1.59999pt}.


pdfTeX warning (ext4): destination with the same identifier (name{page.1}) has been already used, duplicate ignored
<to be read again> 
                   \relax 
l.31 \clearpage
                [1

{C:/Users/whj7560/AppData/Local/Programs/MiKTeX/fonts/enc/dvips/lm/lm-ts1.enc} <./media/image1.jpg>]
<media/image2.jpg, id=118, 3035.34pt x 4047.12pt>
File: media/image2.jpg Graphic file (type jpg)
<use media/image2.jpg>
Package pdftex.def Info: media/image2.jpg  used on input line 38.
(pdftex.def)             Requested size: 230.97539pt x 307.9672pt.
<media/image3.jpg, id=119, 3035.34pt x 4047.12pt>
File: media/image3.jpg Graphic file (type jpg)
<use media/image3.jpg>
Package pdftex.def Info: media/image3.jpg  used on input line 40.
(pdftex.def)             Requested size: 230.97539pt x 307.9672pt.


Package fancyhdr Warning: \headheight is too small (12.0pt): 
(fancyhdr)                Make it at least 13.59999pt, for example:
(fancyhdr)                \setlength{\headheight}{13.59999pt}.
(fancyhdr)                You might also make \topmargin smaller:
(fancyhdr)                \addtolength{\topmargin}{-1.59999pt}.

[2

 <./media/image2.jpg> <./media/image3.jpg>]
<media/image5.png, id=127, 3035.34pt x 4047.12pt>
File: media/image5.png Graphic file (type png)
<use media/image5.png>
Package pdftex.def Info: media/image5.png  used on input line 61.
(pdftex.def)             Requested size: 152.33168pt x 203.1089pt.
<media/image6.png, id=129, 481.8pt x 642.4pt>
File: media/image6.png Graphic file (type png)
<use media/image6.png>
Package pdftex.def Info: media/image6.png  used on input line 63.
(pdftex.def)             Requested size: 152.34123pt x 203.12164pt.
<media/image7.png, id=130, 481.8pt x 642.4pt>
File: media/image7.png Graphic file (type png)
<use media/image7.png>
Package pdftex.def Info: media/image7.png  used on input line 65.
(pdftex.def)             Requested size: 152.34123pt x 203.12164pt.
)

Package fancyhdr Warning: \headheight is too small (12.0pt): 
(fancyhdr)                Make it at least 13.59999pt, for example:
(fancyhdr)                \setlength{\headheight}{13.59999pt}.
(fancyhdr)                You might also make \topmargin smaller:
(fancyhdr)                \addtolength{\topmargin}{-1.59999pt}.

[3

 <./media/image5.png> <./media/image6.png> <./media/image7.png>] (sections/swerve_module.tex
pdfTeX warning (ext4): destination with the same identifier (name{assemblystep.1}) has been already used, duplicate ignored
<to be read again> 
                   \relax 
l.17 \assemblystep{Change Gear Ratio}
                                     
<media/image8.png, id=144, 3035.34pt x 4047.12pt>
File: media/image8.png Graphic file (type png)
<use media/image8.png>
Package pdftex.def Info: media/image8.png  used on input line 25.
(pdftex.def)             Requested size: 245.70372pt x 327.60497pt.

pdfTeX warning (ext4): destination with the same identifier (name{assemblystep.2}) has been already used, duplicate ignored
<to be read again> 
                   \relax 
l.29 \assemblystep{Steer Motor Installation}
                                            

Package fancyhdr Warning: \headheight is too small (12.0pt): 
(fancyhdr)                Make it at least 13.59999pt, for example:
(fancyhdr)                \setlength{\headheight}{13.59999pt}.
(fancyhdr)                You might also make \topmargin smaller:
(fancyhdr)                \addtolength{\topmargin}{-1.59999pt}.

[4

 <./media/image8.png>]
<media/image9.png, id=151, 481.8pt x 642.4pt>
File: media/image9.png Graphic file (type png)
<use media/image9.png>
Package pdftex.def Info: media/image9.png  used on input line 36.
(pdftex.def)             Requested size: 245.71474pt x 327.61966pt.


Package fancyhdr Warning: \headheight is too small (12.0pt): 
(fancyhdr)                Make it at least 13.59999pt, for example:
(fancyhdr)                \setlength{\headheight}{13.59999pt}.
(fancyhdr)                You might also make \topmargin smaller:
(fancyhdr)                \addtolength{\topmargin}{-1.59999pt}.

[5 <./media/image9.png>]
<media/image10.png, id=159, 481.8pt x 642.4pt>
File: media/image10.png Graphic file (type png)
<use media/image10.png>
Package pdftex.def Info: media/image10.png  used on input line 50.
(pdftex.def)             Requested size: 152.34123pt x 203.12164pt.
<media/image11.png, id=160, 481.8pt x 642.4pt>
File: media/image11.png Graphic file (type png)
<use media/image11.png>
Package pdftex.def Info: media/image11.png  used on input line 52.
(pdftex.def)             Requested size: 152.34123pt x 203.12164pt.
<media/image12.png, id=161, 481.8pt x 642.4pt>
File: media/image12.png Graphic file (type png)
<use media/image12.png>
Package pdftex.def Info: media/image12.png  used on input line 54.
(pdftex.def)             Requested size: 152.34123pt x 203.12164pt.
<media/image13.png, id=162, 3035.34pt x 4047.12pt>
File: media/image13.png Graphic file (type png)
<use media/image13.png>
Package pdftex.def Info: media/image13.png  used on input line 57.
(pdftex.def)             Requested size: 152.33168pt x 203.1089pt.
<media/image14.png, id=163, 3035.34pt x 4047.12pt>
File: media/image14.png Graphic file (type png)
<use media/image14.png>
Package pdftex.def Info: media/image14.png  used on input line 59.
(pdftex.def)             Requested size: 152.33168pt x 203.1089pt.
<media/image15.png, id=164, 3035.34pt x 4047.12pt>
File: media/image15.png Graphic file (type png)
<use media/image15.png>
Package pdftex.def Info: media/image15.png  used on input line 61.
(pdftex.def)             Requested size: 152.33168pt x 203.1089pt.


Package fancyhdr Warning: \headheight is too small (12.0pt): 
(fancyhdr)                Make it at least 13.59999pt, for example:
(fancyhdr)                \setlength{\headheight}{13.59999pt}.
(fancyhdr)                You might also make \topmargin smaller:
(fancyhdr)                \addtolength{\topmargin}{-1.59999pt}.

[6

 <./media/image10.png> <./media/image11.png> <./media/image12.png> <./media/image13.png> <./media/image14.png> <./media/image15.png>]
<media/image16.png, id=176, 481.8pt x 642.4pt>
File: media/image16.png Graphic file (type png)
<use media/image16.png>
Package pdftex.def Info: media/image16.png  used on input line 80.
(pdftex.def)             Requested size: 245.71474pt x 327.61966pt.


Package fancyhdr Warning: \headheight is too small (12.0pt): 
(fancyhdr)                Make it at least 13.59999pt, for example:
(fancyhdr)                \setlength{\headheight}{13.59999pt}.
(fancyhdr)                You might also make \topmargin smaller:
(fancyhdr)                \addtolength{\topmargin}{-1.59999pt}.

[7

 <./media/image16.png>]
pdfTeX warning (ext4): destination with the same identifier (name{assemblystep.3}) has been already used, duplicate ignored
<to be read again> 
                   \relax 
l.86 \assemblystep{Drive Motor Installation}
                                            
<media/image17.png, id=183, 3035.34pt x 4047.12pt>
File: media/image17.png Graphic file (type png)
<use media/image17.png>
Package pdftex.def Info: media/image17.png  used on input line 92.
(pdftex.def)             Requested size: 245.70372pt x 327.60497pt.
<media/image18.png, id=184, 3035.34pt x 4047.12pt>
File: media/image18.png Graphic file (type png)
<use media/image18.png>
Package pdftex.def Info: media/image18.png  used on input line 114.
(pdftex.def)             Requested size: 230.97539pt x 307.9672pt.
<media/image19.png, id=185, 3035.34pt x 4047.12pt>
File: media/image19.png Graphic file (type png)
<use media/image19.png>
Package pdftex.def Info: media/image19.png  used on input line 116.
(pdftex.def)             Requested size: 230.97539pt x 307.9672pt.
<media/image20.png, id=186, 3035.34pt x 4047.12pt>
File: media/image20.png Graphic file (type png)
<use media/image20.png>
Package pdftex.def Info: media/image20.png  used on input line 119.
(pdftex.def)             Requested size: 230.97539pt x 307.9672pt.
<media/image21.png, id=187, 3035.34pt x 4047.12pt>
File: media/image21.png Graphic file (type png)
<use media/image21.png>
Package pdftex.def Info: media/image21.png  used on input line 121.
(pdftex.def)             Requested size: 230.97539pt x 307.9672pt.


Package fancyhdr Warning: \headheight is too small (12.0pt): 
(fancyhdr)                Make it at least 13.59999pt, for example:
(fancyhdr)                \setlength{\headheight}{13.59999pt}.
(fancyhdr)                You might also make \topmargin smaller:
(fancyhdr)                \addtolength{\topmargin}{-1.59999pt}.

[8

 <./media/image17.png>]
pdfTeX warning (ext4): destination with the same identifier (name{assemblystep.4}) has been already used, duplicate ignored
<to be read again> 
                   \relax 
l.126 \assemblystep{Encoder Installation}
                                         

Package fancyhdr Warning: \headheight is too small (12.0pt): 
(fancyhdr)                Make it at least 13.59999pt, for example:
(fancyhdr)                \setlength{\headheight}{13.59999pt}.
(fancyhdr)                You might also make \topmargin smaller:
(fancyhdr)                \addtolength{\topmargin}{-1.59999pt}.

[9 <./media/image18.png> <./media/image19.png> <./media/image20.png> <./media/image21.png>]
<media/image22.png, id=203, 4047.12pt x 3035.34pt>
File: media/image22.png Graphic file (type png)
<use media/image22.png>
Package pdftex.def Info: media/image22.png  used on input line 130.
(pdftex.def)             Requested size: 245.65741pt x 184.24306pt.
<media/image23.png, id=204, 4047.12pt x 3035.34pt>
File: media/image23.png Graphic file (type png)
<use media/image23.png>
Package pdftex.def Info: media/image23.png  used on input line 148.
(pdftex.def)             Requested size: 152.28535pt x 114.21402pt.
<media/image24.png, id=205, 4047.12pt x 3035.34pt>
File: media/image24.png Graphic file (type png)
<use media/image24.png>
Package pdftex.def Info: media/image24.png  used on input line 150.
(pdftex.def)             Requested size: 152.28535pt x 114.21402pt.
<media/image25.png, id=206, 4047.12pt x 3035.34pt>
File: media/image25.png Graphic file (type png)
<use media/image25.png>
Package pdftex.def Info: media/image25.png  used on input line 152.
(pdftex.def)             Requested size: 152.28535pt x 114.21402pt.
)

Package fancyhdr Warning: \headheight is too small (12.0pt): 
(fancyhdr)                Make it at least 13.59999pt, for example:
(fancyhdr)                \setlength{\headheight}{13.59999pt}.
(fancyhdr)                You might also make \topmargin smaller:
(fancyhdr)                \addtolength{\topmargin}{-1.59999pt}.

[10 <./media/image22.png> <./media/image23.png> <./media/image24.png> <./media/image25.png>] (sections/motor_setup.tex
pdfTeX warning (ext4): destination with the same identifier (name{assemblystep.1}) has been already used, duplicate ignored
<to be read again> 
                   \relax 
l.4 \assemblystep{Update the Firmware}
                                      
<media/image26.png, id=218, 642.4pt x 481.8pt>
File: media/image26.png Graphic file (type png)
<use media/image26.png>
Package pdftex.def Info: media/image26.png  used on input line 11.
(pdftex.def)             Requested size: 245.7123pt x 184.28421pt.
<media/image27.png, id=219, 642.4pt x 481.8pt>
File: media/image27.png Graphic file (type png)
<use media/image27.png>
Package pdftex.def Info: media/image27.png  used on input line 22.
(pdftex.def)             Requested size: 230.96976pt x 173.22731pt.
<media/image28.png, id=220, 481.8pt x 642.4pt>
File: media/image28.png Graphic file (type png)
<use media/image28.png>
Package pdftex.def Info: media/image28.png  used on input line 24.
(pdftex.def)             Requested size: 230.97466pt x 307.96622pt.


Package fancyhdr Warning: \headheight is too small (12.0pt): 
(fancyhdr)                Make it at least 13.59999pt, for example:
(fancyhdr)                \setlength{\headheight}{13.59999pt}.
(fancyhdr)                You might also make \topmargin smaller:
(fancyhdr)                \addtolength{\topmargin}{-1.59999pt}.

[11

 <./media/image26.png>]
<media/image29.jpg, id=228, 1376.0208pt x 1032.0156pt>
File: media/image29.jpg Graphic file (type jpg)
<use media/image29.jpg>
Package pdftex.def Info: media/image29.jpg  used on input line 35.
(pdftex.def)             Requested size: 245.6994pt x 184.27455pt.


Package fancyhdr Warning: \headheight is too small (12.0pt): 
(fancyhdr)                Make it at least 13.59999pt, for example:
(fancyhdr)                \setlength{\headheight}{13.59999pt}.
(fancyhdr)                You might also make \topmargin smaller:
(fancyhdr)                \addtolength{\topmargin}{-1.59999pt}.

[12 <./media/image27.png> <./media/image28.png> <./media/image29.jpg>]
pdfTeX warning (ext4): destination with the same identifier (name{assemblystep.2}) has been already used, duplicate ignored
<to be read again> 
                   \relax 
l.41 \assemblystep{Set the CAN ID}
                                  
Overfull \hbox (44.31105pt too wide) in paragraph at lines 41--46
\T1/lmr/m/n/10.95 con-fu-sion later. The num-bers used must match the IDs used in arm_base_control/configs/basename_config.yaml
 []


pdfTeX warning (ext4): destination with the same identifier (name{assemblystep.3}) has been already used, duplicate ignored
<to be read again> 
                   \relax 
l.53 \assemblystep{Configure Motor Settings}
                                             (C:\Users\whj7560\AppData\Local\Programs\MiKTeX\tex/latex/lm\t1lmtt.fd)
Underfull \hbox (badness 3815) in paragraph at lines 73--73
[]|\T1/lmr/m/n/10.95 Closed Loop Con-trol
 []

)

Package fancyhdr Warning: \headheight is too small (12.0pt): 
(fancyhdr)                Make it at least 13.59999pt, for example:
(fancyhdr)                \setlength{\headheight}{13.59999pt}.
(fancyhdr)                You might also make \topmargin smaller:
(fancyhdr)                \addtolength{\topmargin}{-1.59999pt}.

[13

] (sections/power_distribution.tex
pdfTeX warning (ext4): destination with the same identifier (name{assemblystep.1}) has been already used, duplicate ignored
<to be read again> 
                   \relax 
l.57 ...tep{Assemble the Power Distribution Panel}
                                                  
<media/image52.png, id=260, 642.4pt x 481.8pt>
File: media/image52.png Graphic file (type png)
<use media/image52.png>
Package pdftex.def Info: media/image52.png  used on input line 63.
(pdftex.def)             Requested size: 417.73149pt x 313.29861pt.


Package fancyhdr Warning: \headheight is too small (12.0pt): 
(fancyhdr)                Make it at least 13.59999pt, for example:
(fancyhdr)                \setlength{\headheight}{13.59999pt}.
(fancyhdr)                You might also make \topmargin smaller:
(fancyhdr)                \addtolength{\topmargin}{-1.59999pt}.

[14

 <./media/image52.png>]
<media/image53.jpeg, id=268, 289.08pt x 216.81pt>
File: media/image53.jpeg Graphic file (type jpg)
<use media/image53.jpeg>
Package pdftex.def Info: media/image53.jpeg  used on input line 78.
(pdftex.def)             Requested size: 230.97318pt x 173.22987pt.
<media/image54.jpeg, id=269, 216.81pt x 289.08pt>
File: media/image54.jpeg Graphic file (type jpg)
<use media/image54.jpeg>
Package pdftex.def Info: media/image54.jpeg  used on input line 80.
(pdftex.def)             Requested size: 216.81938pt x 289.09251pt.
<media/image55.jpeg, id=270, 223.7085pt x 298.278pt>
File: media/image55.jpeg Graphic file (type jpg)
<use media/image55.jpeg>
Package pdftex.def Info: media/image55.jpeg  used on input line 90.
(pdftex.def)             Requested size: 223.725pt x 298.3pt.
)

Package fancyhdr Warning: \headheight is too small (12.0pt): 
(fancyhdr)                Make it at least 13.59999pt, for example:
(fancyhdr)                \setlength{\headheight}{13.59999pt}.
(fancyhdr)                You might also make \topmargin smaller:
(fancyhdr)                \addtolength{\topmargin}{-1.59999pt}.

[15 <./media/image53.jpeg> <./media/image54.jpeg>]

Package fancyhdr Warning: \headheight is too small (12.0pt): 
(fancyhdr)                Make it at least 13.59999pt, for example:
(fancyhdr)                \setlength{\headheight}{13.59999pt}.
(fancyhdr)                You might also make \topmargin smaller:
(fancyhdr)                \addtolength{\topmargin}{-1.59999pt}.

[16 <./media/image55.jpeg>] (sections/canivore.tex
pdfTeX warning (ext4): destination with the same identifier (name{assemblystep.1}) has been already used, duplicate ignored
<to be read again> 
                   \relax 
l.20 ...Connect the First Encoder to the CANivore}
                                                  
<media/image56.jpeg, id=284, 473.04pt x 630.72pt>
File: media/image56.jpeg Graphic file (type jpg)
<use media/image56.jpeg>
Package pdftex.def Info: media/image56.jpeg  used on input line 30.
(pdftex.def)             Requested size: 230.97598pt x 307.96799pt.
<media/image57.jpeg, id=285, 226.665pt x 302.22pt>
File: media/image57.jpeg Graphic file (type jpg)
<use media/image57.jpeg>
Package pdftex.def Info: media/image57.jpeg  used on input line 32.
(pdftex.def)             Requested size: 226.66443pt x 302.21925pt.

pdfTeX warning (ext4): destination with the same identifier (name{assemblystep.2}) has been already used, duplicate ignored
<to be read again> 
                   \relax 
l.37 \assemblystep{Link the Encoders in Series}
                                               

Package fancyhdr Warning: \headheight is too small (12.0pt): 
(fancyhdr)                Make it at least 13.59999pt, for example:
(fancyhdr)                \setlength{\headheight}{13.59999pt}.
(fancyhdr)                You might also make \topmargin smaller:
(fancyhdr)                \addtolength{\topmargin}{-1.59999pt}.

[17

 <./media/image56.jpeg> <./media/image57.jpeg>]
<media/image58.jpeg, id=292, 195.129pt x 260.172pt>
File: media/image58.jpeg Graphic file (type jpg)
<use media/image58.jpeg>
Package pdftex.def Info: media/image58.jpeg  used on input line 44.
(pdftex.def)             Requested size: 195.13744pt x 260.18324pt.

pdfTeX warning (ext4): destination with the same identifier (name{assemblystep.3}) has been already used, duplicate ignored
<to be read again> 
                   \relax 
l.48 \assemblystep{Configure the CANivore}
                                          
<media/CANivoreDefault.png, id=293, 1156.32pt x 614.295pt>
File: media/CANivoreDefault.png Graphic file (type png)
<use media/CANivoreDefault.png>
Package pdftex.def Info: media/CANivoreDefault.png  used on input line 56.
(pdftex.def)             Requested size: 245.71034pt x 130.53362pt.

pdfTeX warning (ext4): destination with the same identifier (name{assemblystep.4}) has been already used, duplicate ignored
<to be read again> 
                   \relax 
l.60 \assemblystep{Configure the Encoders}
                                          

Package fancyhdr Warning: \headheight is too small (12.0pt): 
(fancyhdr)                Make it at least 13.59999pt, for example:
(fancyhdr)                \setlength{\headheight}{13.59999pt}.
(fancyhdr)                You might also make \topmargin smaller:
(fancyhdr)                \addtolength{\topmargin}{-1.59999pt}.

[18 <./media/image58.jpeg> <./media/CANivoreDefault.png>]
<media/image60.jpeg, id=301, 271.0125pt x 203.3415pt>
File: media/image60.jpeg Graphic file (type jpg)
<use media/image60.jpeg>
Package pdftex.def Info: media/image60.jpeg  used on input line 69.
(pdftex.def)             Requested size: 230.982pt x 173.3065pt.
<media/image61.jpeg, id=302, 277.911pt x 208.5975pt>
File: media/image61.jpeg Graphic file (type jpg)
<use media/image61.jpeg>
Package pdftex.def Info: media/image61.jpeg  used on input line 71.
(pdftex.def)             Requested size: 230.97562pt x 173.36823pt.

pdfTeX warning (ext4): destination with the same identifier (name{assemblystep.5}) has been already used, duplicate ignored
<to be read again> 
                   \relax 
l.76 \assemblystep{Test the Motors}
                                   
<media/image62.jpeg, id=303, 266.742pt x 355.7655pt>
File: media/image62.jpeg Graphic file (type jpg)
<use media/image62.jpeg>
Package pdftex.def Info: media/image62.jpeg  used on input line 79.
(pdftex.def)             Requested size: 245.72308pt x 327.73166pt.


Package fancyhdr Warning: \headheight is too small (12.0pt): 
(fancyhdr)                Make it at least 13.59999pt, for example:
(fancyhdr)                \setlength{\headheight}{13.59999pt}.
(fancyhdr)                You might also make \topmargin smaller:
(fancyhdr)                \addtolength{\topmargin}{-1.59999pt}.

[19 <./media/image60.jpeg> <./media/image61.jpeg>])

Package fancyhdr Warning: \headheight is too small (12.0pt): 
(fancyhdr)                Make it at least 13.59999pt, for example:
(fancyhdr)                \setlength{\headheight}{13.59999pt}.
(fancyhdr)                You might also make \topmargin smaller:
(fancyhdr)                \addtolength{\topmargin}{-1.59999pt}.

[20 <./media/image62.jpeg>] (sections/base_bottom.tex
pdfTeX warning (ext4): destination with the same identifier (name{assemblystep.1}) has been already used, duplicate ignored
<to be read again> 
                   \relax 
l.89 \assemblystep{Prepare the 2x1 Channels}
                                            
<media/MAXTube Cut.PNG, id=333, 1156.32pt x 516.12825pt>
File: media/MAXTube Cut.PNG Graphic file (type png)
<use media/MAXTube Cut.PNG>
Package pdftex.def Info: media/MAXTube Cut.PNG  used on input line 99.
(pdftex.def)             Requested size: 240.8053pt x 107.48445pt.
<media/MAXTubeAssem.PNG, id=334, 1156.32pt x 516.12825pt>
File: media/MAXTubeAssem.PNG Graphic file (type png)
<use media/MAXTubeAssem.PNG>
Package pdftex.def Info: media/MAXTubeAssem.PNG  used on input line 101.
(pdftex.def)             Requested size: 240.8053pt x 107.48445pt.


Package fancyhdr Warning: \headheight is too small (12.0pt): 
(fancyhdr)                Make it at least 13.59999pt, for example:
(fancyhdr)                \setlength{\headheight}{13.59999pt}.
(fancyhdr)                You might also make \topmargin smaller:
(fancyhdr)                \addtolength{\topmargin}{-1.59999pt}.

[21

]
pdfTeX warning (ext4): destination with the same identifier (name{assemblystep.2}) has been already used, duplicate ignored
<to be read again> 
                   \relax 
l.106 \assemblystep{Build the Base Frame}
                                         
<media/MAXand510.PNG, id=339, 1156.32pt x 516.12825pt>
File: media/MAXand510.PNG Graphic file (type png)
<use media/MAXand510.PNG>
Package pdftex.def Info: media/MAXand510.PNG  used on input line 114.
(pdftex.def)             Requested size: 245.71034pt x 109.67383pt.

pdfTeX warning (ext4): destination with the same identifier (name{assemblystep.3}) has been already used, duplicate ignored
<to be read again> 
                   \relax 
l.119 \assemblystep{Mount the Swerve Modules}
                                             
<media/SwerveAndMax.PNG, id=340, 1156.32pt x 516.12825pt>
File: media/SwerveAndMax.PNG Graphic file (type png)
<use media/SwerveAndMax.PNG>
Package pdftex.def Info: media/SwerveAndMax.PNG  used on input line 129.
(pdftex.def)             Requested size: 294.84888pt x 131.60703pt.
<media/SwerveSquare.SLDASM.PNG, id=341, 1156.32pt x 516.12825pt>
File: media/SwerveSquare.SLDASM.PNG Graphic file (type png)
<use media/SwerveSquare.SLDASM.PNG>
Package pdftex.def Info: media/SwerveSquare.SLDASM.PNG  used on input line 131.
(pdftex.def)             Requested size: 294.84888pt x 131.60703pt.


Package fancyhdr Warning: \headheight is too small (12.0pt): 
(fancyhdr)                Make it at least 13.59999pt, for example:
(fancyhdr)                \setlength{\headheight}{13.59999pt}.
(fancyhdr)                You might also make \topmargin smaller:
(fancyhdr)                \addtolength{\topmargin}{-1.59999pt}.

[22 <./media/MAXTube Cut.PNG> <./media/MAXTubeAssem.PNG> <./media/MAXand510.PNG>]
pdfTeX warning (ext4): destination with the same identifier (name{assemblystep.4}) has been already used, duplicate ignored
<to be read again> 
                   \relax 
l.136 ...mblystep{Install the Vertical Extrusions}
                                                  
<media/BottomLayer.PNG, id=348, 1156.32pt x 516.12825pt>
File: media/BottomLayer.PNG Graphic file (type png)
<use media/BottomLayer.PNG>
Package pdftex.def Info: media/BottomLayer.PNG  used on input line 142.
(pdftex.def)             Requested size: 368.5655pt x 164.51074pt.

pdfTeX warning (ext4): destination with the same identifier (name{assemblystep.5}) has been already used, duplicate ignored
<to be read again> 
                   \relax 
l.151 \assemblystep{Install Corner Brackets}
                                            

Package fancyhdr Warning: \headheight is too small (12.0pt): 
(fancyhdr)                Make it at least 13.59999pt, for example:
(fancyhdr)                \setlength{\headheight}{13.59999pt}.
(fancyhdr)                You might also make \topmargin smaller:
(fancyhdr)                \addtolength{\topmargin}{-1.59999pt}.

[23 <./media/SwerveAndMax.PNG> <./media/SwerveSquare.SLDASM.PNG> <./media/BottomLayer.PNG>]
<media/BottomCB.PNG, id=356, 1156.32pt x 516.12825pt>
File: media/BottomCB.PNG Graphic file (type png)
<use media/BottomCB.PNG>
Package pdftex.def Info: media/BottomCB.PNG  used on input line 159.
(pdftex.def)             Requested size: 368.5655pt x 164.51074pt.
<media/BottomCP.PNG, id=357, 1156.32pt x 516.12825pt>
File: media/BottomCP.PNG Graphic file (type png)
<use media/BottomCP.PNG>
Package pdftex.def Info: media/BottomCP.PNG  used on input line 171.
(pdftex.def)             Requested size: 368.5655pt x 164.51074pt.
<media/BottomRails.PNG, id=358, 1156.32pt x 516.12825pt>
File: media/BottomRails.PNG Graphic file (type png)
<use media/BottomRails.PNG>
Package pdftex.def Info: media/BottomRails.PNG  used on input line 185.
(pdftex.def)             Requested size: 230.95995pt x 103.08994pt.
<media/BottomRails1.PNG, id=359, 1156.32pt x 516.12825pt>
File: media/BottomRails1.PNG Graphic file (type png)
<use media/BottomRails1.PNG>
Package pdftex.def Info: media/BottomRails1.PNG  used on input line 187.
(pdftex.def)             Requested size: 230.95995pt x 103.08994pt.


Package fancyhdr Warning: \headheight is too small (12.0pt): 
(fancyhdr)                Make it at least 13.59999pt, for example:
(fancyhdr)                \setlength{\headheight}{13.59999pt}.
(fancyhdr)                You might also make \topmargin smaller:
(fancyhdr)                \addtolength{\topmargin}{-1.59999pt}.

[24{C:/Users/whj7560/AppData/Local/Programs/MiKTeX/fonts/enc/dvips/lm/lm-mathsy.enc} <./media/BottomCB.PNG> <./media/BottomCP.PNG>]
<media/CBMountSide.PNG, id=369, 1156.32pt x 516.12825pt>
File: media/CBMountSide.PNG Graphic file (type png)
<use media/CBMountSide.PNG>
Package pdftex.def Info: media/CBMountSide.PNG  used on input line 202.
(pdftex.def)             Requested size: 230.95995pt x 103.08994pt.
<media/CBMountTop.PNG, id=370, 1156.32pt x 516.12825pt>
File: media/CBMountTop.PNG Graphic file (type png)
<use media/CBMountTop.PNG>
Package pdftex.def Info: media/CBMountTop.PNG  used on input line 204.
(pdftex.def)             Requested size: 230.95995pt x 103.08994pt.
<media/image78.jpeg, id=371, 151.767pt x 202.356pt>
File: media/image78.jpeg Graphic file (type jpg)
<use media/image78.jpeg>
Package pdftex.def Info: media/image78.jpeg  used on input line 219.
(pdftex.def)             Requested size: 113.02834pt x 150.70445pt.
<media/image79.jpeg, id=372, 151.767pt x 202.356pt>
File: media/image79.jpeg Graphic file (type jpg)
<use media/image79.jpeg>
Package pdftex.def Info: media/image79.jpeg  used on input line 221.
(pdftex.def)             Requested size: 113.02834pt x 150.70445pt.
<media/image80.jpeg, id=373, 151.767pt x 202.356pt>
File: media/image80.jpeg Graphic file (type jpg)
<use media/image80.jpeg>
Package pdftex.def Info: media/image80.jpeg  used on input line 223.
(pdftex.def)             Requested size: 113.02834pt x 150.70445pt.
<media/image81.jpeg, id=374, 151.767pt x 202.356pt>
File: media/image81.jpeg Graphic file (type jpg)
<use media/image81.jpeg>
Package pdftex.def Info: media/image81.jpeg  used on input line 225.
(pdftex.def)             Requested size: 113.02834pt x 150.70445pt.
<media/image82.jpeg, id=375, 151.767pt x 202.356pt>
File: media/image82.jpeg Graphic file (type jpg)
<use media/image82.jpeg>
Package pdftex.def Info: media/image82.jpeg  used on input line 228.
(pdftex.def)             Requested size: 113.02834pt x 150.70445pt.
<media/image83.jpeg, id=376, 151.767pt x 202.356pt>
File: media/image83.jpeg Graphic file (type jpg)
<use media/image83.jpeg>
Package pdftex.def Info: media/image83.jpeg  used on input line 230.
(pdftex.def)             Requested size: 113.02834pt x 150.70445pt.
<media/image84.jpeg, id=377, 151.767pt x 202.356pt>
File: media/image84.jpeg Graphic file (type jpg)
<use media/image84.jpeg>
Package pdftex.def Info: media/image84.jpeg  used on input line 232.
(pdftex.def)             Requested size: 113.02834pt x 150.70445pt.


Package fancyhdr Warning: \headheight is too small (12.0pt): 
(fancyhdr)                Make it at least 13.59999pt, for example:
(fancyhdr)                \setlength{\headheight}{13.59999pt}.
(fancyhdr)                You might also make \topmargin smaller:
(fancyhdr)                \addtolength{\topmargin}{-1.59999pt}.

[25 <./media/BottomRails.PNG> <./media/BottomRails1.PNG> <./media/CBMountSide.PNG> <./media/CBMountTop.PNG>]
<media/image85.jpeg, id=386, 162.6075pt x 216.81pt>
File: media/image85.jpeg Graphic file (type jpg)
<use media/image85.jpeg>
Package pdftex.def Info: media/image85.jpeg  used on input line 251.
(pdftex.def)             Requested size: 162.61453pt x 216.81938pt.
<media/image86.jpeg, id=387, 216.81pt x 162.6075pt>
File: media/image86.jpeg Graphic file (type jpg)
<use media/image86.jpeg>
Package pdftex.def Info: media/image86.jpeg  used on input line 253.
(pdftex.def)             Requested size: 216.826pt x 162.6195pt.


Package fancyhdr Warning: \headheight is too small (12.0pt): 
(fancyhdr)                Make it at least 13.59999pt, for example:
(fancyhdr)                \setlength{\headheight}{13.59999pt}.
(fancyhdr)                You might also make \topmargin smaller:
(fancyhdr)                \addtolength{\topmargin}{-1.59999pt}.

[26 <./media/image78.jpeg> <./media/image79.jpeg> <./media/image80.jpeg> <./media/image81.jpeg> <./media/image82.jpeg> <./media/image83.jpeg> <./media/image84.jpeg>]
<media/CBInstalled.PNG, id=394, 1156.32pt x 516.12825pt>
File: media/CBInstalled.PNG Graphic file (type png)
<use media/CBInstalled.PNG>
Package pdftex.def Info: media/CBInstalled.PNG  used on input line 266.
(pdftex.def)             Requested size: 368.5655pt x 164.51074pt.


Package fancyhdr Warning: \headheight is too small (12.0pt): 
(fancyhdr)                Make it at least 13.59999pt, for example:
(fancyhdr)                \setlength{\headheight}{13.59999pt}.
(fancyhdr)                You might also make \topmargin smaller:
(fancyhdr)                \addtolength{\topmargin}{-1.59999pt}.

[27 <./media/image85.jpeg> <./media/image86.jpeg> <./media/CBInstalled.PNG>]
<media/BotVertSup.PNG, id=403, 1156.32pt x 516.12825pt>
File: media/BotVertSup.PNG Graphic file (type png)
<use media/BotVertSup.PNG>
Package pdftex.def Info: media/BotVertSup.PNG  used on input line 278.
(pdftex.def)             Requested size: 230.95995pt x 103.08994pt.
<media/BotTPlate.PNG, id=404, 1156.32pt x 516.12825pt>
File: media/BotTPlate.PNG Graphic file (type png)
<use media/BotTPlate.PNG>
Package pdftex.def Info: media/BotTPlate.PNG  used on input line 280.
(pdftex.def)             Requested size: 230.95995pt x 103.08994pt.
<media/BotAngleBraces.PNG, id=405, 1156.32pt x 516.12825pt>
File: media/BotAngleBraces.PNG Graphic file (type png)
<use media/BotAngleBraces.PNG>
Package pdftex.def Info: media/BotAngleBraces.PNG  used on input line 294.
(pdftex.def)             Requested size: 368.5655pt x 164.51074pt.
)

Package fancyhdr Warning: \headheight is too small (12.0pt): 
(fancyhdr)                Make it at least 13.59999pt, for example:
(fancyhdr)                \setlength{\headheight}{13.59999pt}.
(fancyhdr)                You might also make \topmargin smaller:
(fancyhdr)                \addtolength{\topmargin}{-1.59999pt}.

[28 <./media/BotVertSup.PNG> <./media/BotTPlate.PNG> <./media/BotAngleBraces.PNG>] (sections/base_middle.tex
pdfTeX warning (ext4): destination with the same identifier (name{assemblystep.1}) has been already used, duplicate ignored
<to be read again> 
                   \relax 
l.32 ...blystep{Install the Horizontal Extrusions}
                                                  
pdfTeX warning (ext4): destination with the same identifier (name{assemblystep.2}) has been already used, duplicate ignored
<to be read again> 
                   \relax 
l.42 \assemblystep{Cut the Grid Board}
                                      
pdfTeX warning (ext4): destination with the same identifier (name{assemblystep.3}) has been already used, duplicate ignored
<to be read again> 
                   \relax 
l.50 \assemblystep{Install the Grid Board}
                                          

Package fancyhdr Warning: \headheight is too small (12.0pt): 
(fancyhdr)                Make it at least 13.59999pt, for example:
(fancyhdr)                \setlength{\headheight}{13.59999pt}.
(fancyhdr)                You might also make \topmargin smaller:
(fancyhdr)                \addtolength{\topmargin}{-1.59999pt}.

[29

]
pdfTeX warning (ext4): destination with the same identifier (name{assemblystep.4}) has been already used, duplicate ignored
<to be read again> 
                   \relax 
l.63 \assemblystep{Install the PDP}
                                   
pdfTeX warning (ext4): destination with the same identifier (name{assemblystep.5}) has been already used, duplicate ignored
<to be read again> 
                   \relax 
l.76 \assemblystep{Install the Meta Quest 3S}
                                             
pdfTeX warning (ext4): destination with the same identifier (name{assemblystep.6}) has been already used, duplicate ignored
<to be read again> 
                   \relax 
l.89 \assemblystep{Install Quest Adapter}
                                         

Package fancyhdr Warning: \headheight is too small (12.0pt): 
(fancyhdr)                Make it at least 13.59999pt, for example:
(fancyhdr)                \setlength{\headheight}{13.59999pt}.
(fancyhdr)                You might also make \topmargin smaller:
(fancyhdr)                \addtolength{\topmargin}{-1.59999pt}.

[30]
pdfTeX warning (ext4): destination with the same identifier (name{assemblystep.7}) has been already used, duplicate ignored
<to be read again> 
                   \relax 
l.96 \assemblystep{Install the PC}
                                  
pdfTeX warning (ext4): destination with the same identifier (name{assemblystep.8}) has been already used, duplicate ignored
<to be read again> 
                   \relax 
l.103 \assemblystep{Install Battery}
                                    
pdfTeX warning (ext4): destination with the same identifier (name{assemblystep.9}) has been already used, duplicate ignored
<to be read again> 
                   \relax 
l.110 \assemblystep{Connect CANs}
                                 
pdfTeX warning (ext4): destination with the same identifier (name{assemblystep.10}) has been already used, duplicate ignored
<to be read again> 
                   \relax 
l.117 \assemblystep{Install the Ethernet Switch}
                                                

Package fancyhdr Warning: \headheight is too small (12.0pt): 
(fancyhdr)                Make it at least 13.59999pt, for example:
(fancyhdr)                \setlength{\headheight}{13.59999pt}.
(fancyhdr)                You might also make \topmargin smaller:
(fancyhdr)                \addtolength{\topmargin}{-1.59999pt}.

[31]
pdfTeX warning (ext4): destination with the same identifier (name{assemblystep.11}) has been already used, duplicate ignored
<to be read again> 
                   \relax 
l.124 \assemblystep{Connect Power Cables}
                                         )

Package fancyhdr Warning: \headheight is too small (12.0pt): 
(fancyhdr)                Make it at least 13.59999pt, for example:
(fancyhdr)                \setlength{\headheight}{13.59999pt}.
(fancyhdr)                You might also make \topmargin smaller:
(fancyhdr)                \addtolength{\topmargin}{-1.59999pt}.

[32] (sections/base_top.tex
pdfTeX warning (ext4): destination with the same identifier (name{assemblystep.1}) has been already used, duplicate ignored
<to be read again> 
                   \relax 
l.18 \assemblystep{Assemble Top Frame}
                                      
pdfTeX warning (ext4): destination with the same identifier (name{assemblystep.2}) has been already used, duplicate ignored
<to be read again> 
                   \relax 
l.25 \assemblystep{Install and Secure Top Frame}
                                                
pdfTeX warning (ext4): destination with the same identifier (name{assemblystep.3}) has been already used, duplicate ignored
<to be read again> 
                   \relax 
l.32 \assemblystep{Install Bracing}
                                   
pdfTeX warning (ext4): destination with the same identifier (name{assemblystep.4}) has been already used, duplicate ignored
<to be read again> 
                   \relax 
l.39 \assemblystep{Install the Arm}
                                   

Package fancyhdr Warning: \headheight is too small (12.0pt): 
(fancyhdr)                Make it at least 13.59999pt, for example:
(fancyhdr)                \setlength{\headheight}{13.59999pt}.
(fancyhdr)                You might also make \topmargin smaller:
(fancyhdr)                \addtolength{\topmargin}{-1.59999pt}.

[33

])

Package fancyhdr Warning: \headheight is too small (12.0pt): 
(fancyhdr)                Make it at least 13.59999pt, for example:
(fancyhdr)                \setlength{\headheight}{13.59999pt}.
(fancyhdr)                You might also make \topmargin smaller:
(fancyhdr)                \addtolength{\topmargin}{-1.59999pt}.

[34] (appendices/motor_config_appen.tex
Overfull \hbox (0.87274pt too wide) in paragraph at lines 45--46
[]|\T1/lmtt/m/n/10.95 NO_VOLTAGE_COMP| 
 []


Underfull \hbox (badness 10000) in paragraph at lines 53--54
[]|\T1/lmtt/m/n/10.95 Steer Motor:
 []


Underfull \hbox (badness 10000) in paragraph at lines 53--54
\T1/lmtt/m/n/10.95 0.5, Drive
 []


Package fancyhdr Warning: \headheight is too small (12.0pt): 
(fancyhdr)                Make it at least 13.59999pt, for example:
(fancyhdr)                \setlength{\headheight}{13.59999pt}.
(fancyhdr)                You might also make \topmargin smaller:
(fancyhdr)                \addtolength{\topmargin}{-1.59999pt}.

[35

]

Package fancyhdr Warning: \headheight is too small (12.0pt): 
(fancyhdr)                Make it at least 13.59999pt, for example:
(fancyhdr)                \setlength{\headheight}{13.59999pt}.
(fancyhdr)                You might also make \topmargin smaller:
(fancyhdr)                \addtolength{\topmargin}{-1.59999pt}.

[36]

Package fancyhdr Warning: \headheight is too small (12.0pt): 
(fancyhdr)                Make it at least 13.59999pt, for example:
(fancyhdr)                \setlength{\headheight}{13.59999pt}.
(fancyhdr)                You might also make \topmargin smaller:
(fancyhdr)                \addtolength{\topmargin}{-1.59999pt}.

[37]

Package fancyhdr Warning: \headheight is too small (12.0pt): 
(fancyhdr)                Make it at least 13.59999pt, for example:
(fancyhdr)                \setlength{\headheight}{13.59999pt}.
(fancyhdr)                You might also make \topmargin smaller:
(fancyhdr)                \addtolength{\topmargin}{-1.59999pt}.

[38]

Package fancyhdr Warning: \headheight is too small (12.0pt): 
(fancyhdr)                Make it at least 13.59999pt, for example:
(fancyhdr)                \setlength{\headheight}{13.59999pt}.
(fancyhdr)                You might also make \topmargin smaller:
(fancyhdr)                \addtolength{\topmargin}{-1.59999pt}.

[39])

Package fancyhdr Warning: \headheight is too small (12.0pt): 
(fancyhdr)                Make it at least 13.59999pt, for example:
(fancyhdr)                \setlength{\headheight}{13.59999pt}.
(fancyhdr)                You might also make \topmargin smaller:
(fancyhdr)                \addtolength{\topmargin}{-1.59999pt}.

[40] (main.aux)
 ***********
LaTeX2e <2026-06-01>
L3 programming layer <2026-06-18>
 ***********
Package rerunfilecheck Info: File `main.out' has not changed.
(rerunfilecheck)             Checksum: 22E228591A4B78F0662A378FA582140E;1696.
 ) 
Here is how much of TeX's memory you used:
 30899 strings out of 467510
 628370 string characters out of 5407822
 1182414 words of memory out of 5000000
 59505 multiletter control sequences out of 15000+600000
 664487 words of font info for 62 fonts, out of 8000000 for 9000
 1141 hyphenation exceptions out of 8191
 103i,17n,111p,882b,643s stack positions out of 10000i,1000n,20000p,200000b,200000s

pdfTeX warning (dest): name{mk5i-swerve-module-assembly} has been referenced but does not exist, replaced by a fixed one

<C:/Users/whj7560/AppData/Local/Programs/MiKTeX/fonts/type1/public/lm/lmbx10.pfb><C:/Users/whj7560/AppData/Local/Programs/MiKTeX/fonts/type1/public/lm/lmbx12.pfb><C:/Users/whj7560/AppData/Local/Programs/MiKTeX/fonts/type1/public/lm/lmr10.pfb><C:/Users/whj7560/AppData/Local/Programs/MiKTeX/fonts/type1/public/lm/lmr12.pfb><C:/Users/whj7560/AppData/Local/Programs/MiKTeX/fonts/type1/public/lm/lmsy8.pfb><C:/Users/whj7560/AppData/Local/Programs/MiKTeX/fonts/type1/public/lm/lmtt10.pfb>
Output written on main.pdf (42 pages, 167472602 bytes).
PDF statistics:
 523 PDF objects out of 1000 (max. 8388607)
 101 named destinations out of 1000 (max. 500000)
 567 words of extra memory for PDF output out of 10000 (max. 10000000)

